::1 - - [14/Apr/2026 20:42:28] "GET / HTTP/1.1" 200 -
::1 - - [14/Apr/2026 20:42:28] "GET /style.css?v=3 HTTP/1.1" 200 -
::1 - - [14/Apr/2026 20:42:28] "GET /images/hero-bg.jpg HTTP/1.1" 200 -
::1 - - [14/Apr/2026 20:42:28] "GET /js/main.js HTTP/1.1" 200 -
::1 - - [14/Apr/2026 20:42:28] "GET /js/infrastructure/di/container.js HTTP/1.1" 200 -
::1 - - [14/Apr/2026 20:42:28] "GET /js/application/use-cases/GetCountdownUseCase.js HTTP/1.1" 200 -
::1 - - [14/Apr/2026 20:42:28] "GET /js/domain/rules/TimeCalculator.js HTTP/1.1" 200 -
::1 - - [14/Apr/2026 20:42:28] "GET /js/application/use-cases/ToggleMusicUseCase.js HTTP/1.1" 200 -
::1 - - [14/Apr/2026 20:42:28] "GET /js/infrastructure/services/ThreeJsService.js HTTP/1.1" 200 -
::1 - - [14/Apr/2026 20:42:28] "GET /js/infrastructure/services/BrowserAudioService.js HTTP/1.1" 200 -
::1 - - [14/Apr/2026 20:42:28] "GET /js/presentation/controllers/CountdownController.js HTTP/1.1" 200 -
::1 - - [14/Apr/2026 20:42:28] "GET /js/presentation/controllers/MusicController.js HTTP/1.1" 200 -
::1 - - [14/Apr/2026 20:42:28] "GET /js/presentation/controllers/LayoutController.js HTTP/1.1" 200 -
::1 - - [14/Apr/2026 20:42:28] "GET /js/presentation/controllers/GalleryController.js HTTP/1.1" 200 -
::1 - - [14/Apr/2026 20:42:28] "GET /js/presentation/controllers/InteractiveController.js HTTP/1.1" 200 -
::1 - - [14/Apr/2026 20:42:28] "GET /js/presentation/renderers/CatRenderer.js HTTP/1.1" 200 -
::1 - - [14/Apr/2026 20:42:28] "GET /js/presentation/renderers/ChibiCatsRenderer.js HTTP/1.1" 200 -
::1 - - [14/Apr/2026 20:42:28] "GET /js/presentation/renderers/three/Cake3DManager.js HTTP/1.1" 200 -
::1 - - [14/Apr/2026 20:42:28] "GET /js/presentation/renderers/three/Balloons3DManager.js HTTP/1.1" 200 -
::1 - - [14/Apr/2026 20:42:28] code 404, message File not found
::1 - - [14/Apr/2026 20:42:28] "GET /favicon.ico HTTP/1.1" 404 -
::1 - - [14/Apr/2026 20:43:42] "GET / HTTP/1.1" 200 -
::1 - - [14/Apr/2026 20:43:42] "GET /style.css?v=3 HTTP/1.1" 200 -
::1 - - [14/Apr/2026 20:43:42] "GET /images/hero-bg.jpg HTTP/1.1" 200 -
::1 - - [14/Apr/2026 20:43:42] "GET /js/main.js HTTP/1.1" 200 -
::1 - - [14/Apr/2026 20:43:42] "GET /js/infrastructure/di/container.js HTTP/1.1" 200 -
::1 - - [14/Apr/2026 20:43:42] "GET /js/domain/rules/TimeCalculator.js HTTP/1.1" 200 -
::1 - - [14/Apr/2026 20:43:42] "GET /js/infrastructure/services/BrowserAudioService.js HTTP/1.1" 200 -
::1 - - [14/Apr/2026 20:43:42] "GET /js/presentation/controllers/CountdownController.js HTTP/1.1" 200 -
::1 - - [14/Apr/2026 20:43:42] "GET /js/infrastructure/services/ThreeJsService.js HTTP/1.1" 200 -
::1 - - [14/Apr/2026 20:43:42] "GET /js/application/use-cases/ToggleMusicUseCase.js HTTP/1.1" 200 -
::1 - - [14/Apr/2026 20:43:42] "GET /js/presentation/controllers/MusicController.js HTTP/1.1" 200 -
::1 - - [14/Apr/2026 20:43:42] "GET /js/presentation/controllers/LayoutController.js HTTP/1.1" 200 -
::1 - - [14/Apr/2026 20:43:42] "GET /js/presentation/controllers/GalleryController.js HTTP/1.1" 200 -
::1 - - [14/Apr/2026 20:43:42] "GET /js/presentation/controllers/InteractiveController.js HTTP/1.1" 200 -
::1 - - [14/Apr/2026 20:43:42] "GET /js/application/use-cases/GetCountdownUseCase.js HTTP/1.1" 200 -
::1 - - [14/Apr/2026 20:43:42] "GET /js/presentation/renderers/CatRenderer.js HTTP/1.1" 200 -
::1 - - [14/Apr/2026 20:43:42] "GET /js/presentation/renderers/ChibiCatsRenderer.js HTTP/1.1" 200 -
::1 - - [14/Apr/2026 20:43:42] "GET /js/presentation/renderers/three/Cake3DManager.js HTTP/1.1" 200 -
::1 - - [14/Apr/2026 20:43:42] "GET /js/presentation/renderers/three/Balloons3DManager.js HTTP/1.1" 200 -
::1 - - [14/Apr/2026 20:43:42] code 404, message File not found
::1 - - [14/Apr/2026 20:43:42] "GET /favicon.ico HTTP/1.1" 404 -
::1 - - [14/Apr/2026 20:44:51] "GET / HTTP/1.1" 200 -
::1 - - [14/Apr/2026 20:44:51] "GET /images/hero-bg.jpg HTTP/1.1" 200 -
::1 - - [14/Apr/2026 20:44:51] "GET /style.css?v=3 HTTP/1.1" 200 -
::1 - - [14/Apr/2026 20:44:51] "GET /js/main.js HTTP/1.1" 200 -
::1 - - [14/Apr/2026 20:44:51] "GET /js/infrastructure/di/container.js HTTP/1.1" 200 -
::1 - - [14/Apr/2026 20:44:51] "GET /js/domain/rules/TimeCalculator.js HTTP/1.1" 200 -
::1 - - [14/Apr/2026 20:44:51] "GET /js/application/use-cases/GetCountdownUseCase.js HTTP/1.1" 200 -
::1 - - [14/Apr/2026 20:44:51] "GET /js/application/use-cases/ToggleMusicUseCase.js HTTP/1.1" 200 -
::1 - - [14/Apr/2026 20:44:51] "GET /js/infrastructure/services/BrowserAudioService.js HTTP/1.1" 200 -
::1 - - [14/Apr/2026 20:44:51] "GET /js/infrastructure/services/ThreeJsService.js HTTP/1.1" 200 -
::1 - - [14/Apr/2026 20:44:51] "GET /js/presentation/controllers/LayoutController.js HTTP/1.1" 200 -
::1 - - [14/Apr/2026 20:44:51] "GET /js/presentation/controllers/CountdownController.js HTTP/1.1" 200 -
::1 - - [14/Apr/2026 20:44:51] "GET /js/presentation/controllers/MusicController.js HTTP/1.1" 200 -
::1 - - [14/Apr/2026 20:44:51] "GET /js/presentation/controllers/GalleryController.js HTTP/1.1" 200 -
::1 - - [14/Apr/2026 20:44:51] "GET /js/presentation/controllers/InteractiveController.js HTTP/1.1" 200 -
::1 - - [14/Apr/2026 20:44:51] "GET /js/presentation/renderers/CatRenderer.js HTTP/1.1" 200 -
::1 - - [14/Apr/2026 20:44:51] "GET /js/presentation/renderers/ChibiCatsRenderer.js HTTP/1.1" 200 -
::1 - - [14/Apr/2026 20:44:51] "GET /js/presentation/renderers/three/Cake3DManager.js HTTP/1.1" 200 -
::1 - - [14/Apr/2026 20:44:51] "GET /js/presentation/renderers/three/Balloons3DManager.js HTTP/1.1" 200 -
::1 - - [14/Apr/2026 20:44:51] code 404, message File not found
::1 - - [14/Apr/2026 20:44:51] "GET /favicon.ico HTTP/1.1" 404 -
::1 - - [14/Apr/2026 20:46:59] "GET / HTTP/1.1" 304 -
::1 - - [14/Apr/2026 20:46:59] "GET /style.css?v=3 HTTP/1.1" 304 -
::1 - - [14/Apr/2026 20:46:59] "GET /images/hero-bg.jpg HTTP/1.1" 304 -
::1 - - [14/Apr/2026 20:48:19] "GET / HTTP/1.1" 200 -
::1 - - [14/Apr/2026 20:48:19] "GET /style.css?v=3 HTTP/1.1" 304 -
::1 - - [14/Apr/2026 20:48:19] "GET /images/hero-bg.jpg HTTP/1.1" 304 -
::1 - - [14/Apr/2026 20:48:19] "GET /images/about-img.jpg HTTP/1.1" 200 -
::1 - - [14/Apr/2026 20:50:05] "GET / HTTP/1.1" 200 -
::1 - - [14/Apr/2026 20:50:05] "GET /style.css?v=3 HTTP/1.1" 200 -
::1 - - [14/Apr/2026 20:50:05] "GET /images/hero-bg.jpg HTTP/1.1" 200 -
::1 - - [14/Apr/2026 20:50:05] "GET /js/main.js HTTP/1.1" 200 -
::1 - - [14/Apr/2026 20:50:05] "GET /js/infrastructure/di/container.js HTTP/1.1" 200 -
::1 - - [14/Apr/2026 20:50:05] "GET /js/domain/rules/TimeCalculator.js HTTP/1.1" 200 -
::1 - - [14/Apr/2026 20:50:05] "GET /js/application/use-cases/ToggleMusicUseCase.js HTTP/1.1" 200 -
::1 - - [14/Apr/2026 20:50:05] "GET /js/infrastructure/services/BrowserAudioService.js HTTP/1.1" 200 -
::1 - - [14/Apr/2026 20:50:05] "GET /js/application/use-cases/GetCountdownUseCase.js HTTP/1.1" 200 -
::1 - - [14/Apr/2026 20:50:05] "GET /js/presentation/controllers/CountdownController.js HTTP/1.1" 200 -
::1 - - [14/Apr/2026 20:50:05] "GET /js/infrastructure/services/ThreeJsService.js HTTP/1.1" 200 -
::1 - - [14/Apr/2026 20:50:05] "GET /js/presentation/controllers/LayoutController.js HTTP/1.1" 200 -
::1 - - [14/Apr/2026 20:50:05] "GET /js/presentation/controllers/MusicController.js HTTP/1.1" 200 -
::1 - - [14/Apr/2026 20:50:05] "GET /js/presentation/controllers/GalleryController.js HTTP/1.1" 200 -
::1 - - [14/Apr/2026 20:50:05] "GET /js/presentation/controllers/InteractiveController.js HTTP/1.1" 200 -
::1 - - [14/Apr/2026 20:50:05] "GET /js/presentation/renderers/CatRenderer.js HTTP/1.1" 200 -
::1 - - [14/Apr/2026 20:50:05] "GET /js/presentation/renderers/ChibiCatsRenderer.js HTTP/1.1" 200 -
::1 - - [14/Apr/2026 20:50:05] "GET /js/presentation/renderers/three/Cake3DManager.js HTTP/1.1" 200 -
::1 - - [14/Apr/2026 20:50:05] "GET /js/presentation/renderers/three/Balloons3DManager.js HTTP/1.1" 200 -
::1 - - [14/Apr/2026 20:50:06] "GET /images/about-img.jpg HTTP/1.1" 200 -
::1 - - [14/Apr/2026 20:50:06] code 404, message File not found
::1 - - [14/Apr/2026 20:50:06] "GET /favicon.ico HTTP/1.1" 404 -
::1 - - [14/Apr/2026 20:50:37] "GET / HTTP/1.1" 200 -
::1 - - [14/Apr/2026 20:50:37] "GET /style.css?v=3 HTTP/1.1" 200 -
::1 - - [14/Apr/2026 20:50:37] "GET /images/hero-bg.jpg HTTP/1.1" 200 -
::1 - - [14/Apr/2026 20:50:37] "GET /js/main.js HTTP/1.1" 200 -
::1 - - [14/Apr/2026 20:50:37] "GET /js/infrastructure/di/container.js HTTP/1.1" 200 -
::1 - - [14/Apr/2026 20:50:37] "GET /js/domain/rules/TimeCalculator.js HTTP/1.1" 200 -
::1 - - [14/Apr/2026 20:50:37] "GET /js/application/use-cases/GetCountdownUseCase.js HTTP/1.1" 200 -
::1 - - [14/Apr/2026 20:50:37] "GET /js/application/use-cases/ToggleMusicUseCase.js HTTP/1.1" 200 -
::1 - - [14/Apr/2026 20:50:37] "GET /js/infrastructure/services/BrowserAudioService.js HTTP/1.1" 200 -
::1 - - [14/Apr/2026 20:50:37] "GET /js/infrastructure/services/ThreeJsService.js HTTP/1.1" 200 -
::1 - - [14/Apr/2026 20:50:37] "GET /js/presentation/controllers/CountdownController.js HTTP/1.1" 200 -
::1 - - [14/Apr/2026 20:50:37] "GET /js/presentation/controllers/MusicController.js HTTP/1.1" 200 -
::1 - - [14/Apr/2026 20:50:37] "GET /js/presentation/controllers/LayoutController.js HTTP/1.1" 200 -
::1 - - [14/Apr/2026 20:50:37] "GET /js/presentation/controllers/GalleryController.js HTTP/1.1" 200 -
::1 - - [14/Apr/2026 20:50:37] "GET /js/presentation/controllers/InteractiveController.js HTTP/1.1" 200 -
::1 - - [14/Apr/2026 20:50:37] "GET /js/presentation/renderers/CatRenderer.js HTTP/1.1" 200 -
::1 - - [14/Apr/2026 20:50:37] "GET /js/presentation/renderers/ChibiCatsRenderer.js HTTP/1.1" 200 -
::1 - - [14/Apr/2026 20:50:37] "GET /js/presentation/renderers/three/Cake3DManager.js HTTP/1.1" 200 -
::1 - - [14/Apr/2026 20:50:37] "GET /js/presentation/renderers/three/Balloons3DManager.js HTTP/1.1" 200 -
::1 - - [14/Apr/2026 20:50:38] "GET /images/about-img.jpg HTTP/1.1" 200 -
::1 - - [14/Apr/2026 20:50:38] code 404, message File not found
::1 - - [14/Apr/2026 20:50:38] "GET /favicon.ico HTTP/1.1" 404 -
::1 - - [14/Apr/2026 20:50:45] "GET / HTTP/1.1" 200 -
::1 - - [14/Apr/2026 20:50:45] "GET /style.css?v=3 HTTP/1.1" 200 -
::1 - - [14/Apr/2026 20:50:45] "GET /images/hero-bg.jpg HTTP/1.1" 200 -
::1 - - [14/Apr/2026 20:50:45] "GET /js/main.js HTTP/1.1" 200 -
::1 - - [14/Apr/2026 20:50:45] "GET /js/infrastructure/di/container.js HTTP/1.1" 200 -
::1 - - [14/Apr/2026 20:50:45] "GET /js/application/use-cases/GetCountdownUseCase.js HTTP/1.1" 200 -
::1 - - [14/Apr/2026 20:50:45] "GET /js/infrastructure/services/ThreeJsService.js HTTP/1.1" 200 -
::1 - - [14/Apr/2026 20:50:45] "GET /js/application/use-cases/ToggleMusicUseCase.js HTTP/1.1" 200 -
::1 - - [14/Apr/2026 20:50:45] "GET /js/domain/rules/TimeCalculator.js HTTP/1.1" 200 -
::1 - - [14/Apr/2026 20:50:45] "GET /js/infrastructure/services/BrowserAudioService.js HTTP/1.1" 200 -
::1 - - [14/Apr/2026 20:50:45] "GET /js/presentation/controllers/LayoutController.js HTTP/1.1" 200 -
::1 - - [14/Apr/2026 20:50:45] "GET /js/presentation/controllers/CountdownController.js HTTP/1.1" 200 -
::1 - - [14/Apr/2026 20:50:45] "GET /js/presentation/controllers/MusicController.js HTTP/1.1" 200 -
::1 - - [14/Apr/2026 20:50:45] "GET /js/presentation/controllers/GalleryController.js HTTP/1.1" 200 -
::1 - - [14/Apr/2026 20:50:45] "GET /js/presentation/controllers/InteractiveController.js HTTP/1.1" 200 -
::1 - - [14/Apr/2026 20:50:45] "GET /js/presentation/renderers/CatRenderer.js HTTP/1.1" 200 -
::1 - - [14/Apr/2026 20:50:45] "GET /js/presentation/renderers/ChibiCatsRenderer.js HTTP/1.1" 200 -
::1 - - [14/Apr/2026 20:50:45] "GET /js/presentation/renderers/three/Cake3DManager.js HTTP/1.1" 200 -
::1 - - [14/Apr/2026 20:50:45] "GET /js/presentation/renderers/three/Balloons3DManager.js HTTP/1.1" 200 -
::1 - - [14/Apr/2026 20:50:45] "GET /images/about-img.jpg HTTP/1.1" 200 -
::1 - - [14/Apr/2026 20:50:45] code 404, message File not found
::1 - - [14/Apr/2026 20:50:45] "GET /favicon.ico HTTP/1.1" 404 -
::1 - - [14/Apr/2026 20:50:53] "GET / HTTP/1.1" 200 -
::1 - - [14/Apr/2026 20:50:53] "GET /images/hero-bg.jpg HTTP/1.1" 200 -
::1 - - [14/Apr/2026 20:50:53] "GET /style.css?v=3 HTTP/1.1" 200 -
::1 - - [14/Apr/2026 20:50:53] "GET /js/main.js HTTP/1.1" 200 -
::1 - - [14/Apr/2026 20:50:53] "GET /js/infrastructure/di/container.js HTTP/1.1" 200 -
::1 - - [14/Apr/2026 20:50:53] "GET /js/domain/rules/TimeCalculator.js HTTP/1.1" 200 -
::1 - - [14/Apr/2026 20:50:53] "GET /js/application/use-cases/GetCountdownUseCase.js HTTP/1.1" 200 -
::1 - - [14/Apr/2026 20:50:53] "GET /js/application/use-cases/ToggleMusicUseCase.js HTTP/1.1" 200 -
::1 - - [14/Apr/2026 20:50:53] "GET /js/infrastructure/services/BrowserAudioService.js HTTP/1.1" 200 -
::1 - - [14/Apr/2026 20:50:53] "GET /js/infrastructure/services/ThreeJsService.js HTTP/1.1" 200 -
::1 - - [14/Apr/2026 20:50:53] "GET /js/presentation/controllers/CountdownController.js HTTP/1.1" 200 -
::1 - - [14/Apr/2026 20:50:53] "GET /js/presentation/controllers/MusicController.js HTTP/1.1" 200 -
::1 - - [14/Apr/2026 20:50:53] "GET /js/presentation/controllers/LayoutController.js HTTP/1.1" 200 -
::1 - - [14/Apr/2026 20:50:53] "GET /js/presentation/controllers/GalleryController.js HTTP/1.1" 200 -
::1 - - [14/Apr/2026 20:50:53] "GET /js/presentation/controllers/InteractiveController.js HTTP/1.1" 200 -
::1 - - [14/Apr/2026 20:50:53] "GET /js/presentation/renderers/CatRenderer.js HTTP/1.1" 200 -
::1 - - [14/Apr/2026 20:50:53] "GET /js/presentation/renderers/ChibiCatsRenderer.js HTTP/1.1" 200 -
::1 - - [14/Apr/2026 20:50:53] "GET /js/presentation/renderers/three/Cake3DManager.js HTTP/1.1" 200 -
::1 - - [14/Apr/2026 20:50:53] "GET /js/presentation/renderers/three/Balloons3DManager.js HTTP/1.1" 200 -
::1 - - [14/Apr/2026 20:50:53] "GET /images/about-img.jpg HTTP/1.1" 200 -
::1 - - [14/Apr/2026 20:50:53] code 404, message File not found
::1 - - [14/Apr/2026 20:50:53] "GET /favicon.ico HTTP/1.1" 404 -
::1 - - [14/Apr/2026 21:56:01] "GET / HTTP/1.1" 304 -
::1 - - [14/Apr/2026 21:56:01] "GET /style.css?v=3 HTTP/1.1" 304 -
::1 - - [14/Apr/2026 21:56:01] "GET /images/hero-bg.jpg HTTP/1.1" 304 -
::1 - - [14/Apr/2026 21:56:01] "GET /images/about-img.jpg HTTP/1.1" 304 -
::1 - - [14/Apr/2026 21:56:08] "GET / HTTP/1.1" 200 -
::1 - - [14/Apr/2026 21:56:08] "GET /style.css?v=3 HTTP/1.1" 200 -
::1 - - [14/Apr/2026 21:56:08] "GET /images/hero-bg.jpg HTTP/1.1" 200 -
::1 - - [14/Apr/2026 21:56:08] "GET /js/main.js HTTP/1.1" 200 -
::1 - - [14/Apr/2026 21:56:08] "GET /js/infrastructure/di/container.js HTTP/1.1" 200 -
::1 - - [14/Apr/2026 21:56:08] "GET /js/domain/rules/TimeCalculator.js HTTP/1.1" 200 -
::1 - - [14/Apr/2026 21:56:08] "GET /js/application/use-cases/GetCountdownUseCase.js HTTP/1.1" 200 -
::1 - - [14/Apr/2026 21:56:08] "GET /js/application/use-cases/ToggleMusicUseCase.js HTTP/1.1" 200 -
::1 - - [14/Apr/2026 21:56:08] "GET /js/infrastructure/services/ThreeJsService.js HTTP/1.1" 200 -
::1 - - [14/Apr/2026 21:56:08] "GET /js/presentation/controllers/GalleryController.js HTTP/1.1" 200 -
::1 - - [14/Apr/2026 21:56:08] "GET /js/infrastructure/services/BrowserAudioService.js HTTP/1.1" 200 -
::1 - - [14/Apr/2026 21:56:08] "GET /js/presentation/controllers/CountdownController.js HTTP/1.1" 200 -
::1 - - [14/Apr/2026 21:56:08] "GET /js/presentation/controllers/MusicController.js HTTP/1.1" 200 -
::1 - - [14/Apr/2026 21:56:08] "GET /js/presentation/controllers/LayoutController.js HTTP/1.1" 200 -
::1 - - [14/Apr/2026 21:56:08] "GET /js/presentation/controllers/InteractiveController.js HTTP/1.1" 200 -
::1 - - [14/Apr/2026 21:56:08] "GET /js/presentation/renderers/CatRenderer.js HTTP/1.1" 200 -
::1 - - [14/Apr/2026 21:56:08] "GET /js/presentation/renderers/ChibiCatsRenderer.js HTTP/1.1" 200 -
::1 - - [14/Apr/2026 21:56:08] "GET /js/presentation/renderers/three/Cake3DManager.js HTTP/1.1" 200 -
::1 - - [14/Apr/2026 21:56:08] "GET /js/presentation/renderers/three/Balloons3DManager.js HTTP/1.1" 200 -
::1 - - [14/Apr/2026 21:56:08] "GET /images/about-img.jpg HTTP/1.1" 200 -
::1 - - [14/Apr/2026 21:56:09] code 404, message File not found
::1 - - [14/Apr/2026 21:56:09] "GET /favicon.ico HTTP/1.1" 404 -
::1 - - [14/Apr/2026 21:57:35] "GET / HTTP/1.1" 200 -
::1 - - [14/Apr/2026 21:57:35] "GET /style.css?v=3 HTTP/1.1" 200 -
::1 - - [14/Apr/2026 21:57:35] "GET /images/hero-bg.jpg HTTP/1.1" 200 -
::1 - - [14/Apr/2026 21:57:35] "GET /js/main.js HTTP/1.1" 200 -
::1 - - [14/Apr/2026 21:57:35] "GET /js/infrastructure/di/container.js HTTP/1.1" 200 -
::1 - - [14/Apr/2026 21:57:35] "GET /js/domain/rules/TimeCalculator.js HTTP/1.1" 200 -
::1 - - [14/Apr/2026 21:57:35] "GET /js/application/use-cases/GetCountdownUseCase.js HTTP/1.1" 200 -
::1 - - [14/Apr/2026 21:57:35] "GET /js/application/use-cases/ToggleMusicUseCase.js HTTP/1.1" 200 -
::1 - - [14/Apr/2026 21:57:35] "GET /js/infrastructure/services/BrowserAudioService.js HTTP/1.1" 200 -
::1 - - [14/Apr/2026 21:57:35] "GET /js/presentation/controllers/CountdownController.js HTTP/1.1" 200 -
::1 - - [14/Apr/2026 21:57:35] "GET /js/infrastructure/services/ThreeJsService.js HTTP/1.1" 200 -
::1 - - [14/Apr/2026 21:57:35] "GET /js/presentation/controllers/MusicController.js HTTP/1.1" 200 -
::1 - - [14/Apr/2026 21:57:35] "GET /js/presentation/controllers/LayoutController.js HTTP/1.1" 200 -
::1 - - [14/Apr/2026 21:57:35] "GET /js/presentation/controllers/GalleryController.js HTTP/1.1" 200 -
::1 - - [14/Apr/2026 21:57:35] "GET /js/presentation/controllers/InteractiveController.js HTTP/1.1" 200 -
::1 - - [14/Apr/2026 21:57:35] "GET /js/presentation/renderers/CatRenderer.js HTTP/1.1" 200 -
::1 - - [14/Apr/2026 21:57:35] "GET /js/presentation/renderers/ChibiCatsRenderer.js HTTP/1.1" 200 -
::1 - - [14/Apr/2026 21:57:35] "GET /js/presentation/renderers/three/Cake3DManager.js HTTP/1.1" 200 -
::1 - - [14/Apr/2026 21:57:35] "GET /js/presentation/renderers/three/Balloons3DManager.js HTTP/1.1" 200 -
::1 - - [14/Apr/2026 21:57:35] code 404, message File not found
::1 - - [14/Apr/2026 21:57:35] "GET /favicon.ico HTTP/1.1" 404 -
::1 - - [14/Apr/2026 21:57:39] "GET /images/gallery-1.jpg HTTP/1.1" 200 -
::1 - - [14/Apr/2026 21:57:39] "GET /images/gallery-4.jpg HTTP/1.1" 200 -
::1 - - [14/Apr/2026 21:57:39] "GET /images/gallery-3.jpg HTTP/1.1" 200 -
::1 - - [14/Apr/2026 21:57:39] "GET /images/gallery-2.jpg HTTP/1.1" 200 -
::1 - - [14/Apr/2026 21:57:41] "GET /images/about-img.jpg HTTP/1.1" 200 -
::1 - - [14/Apr/2026 21:59:46] "GET / HTTP/1.1" 200 -
::1 - - [14/Apr/2026 21:59:46] "GET /style.css?v=3 HTTP/1.1" 200 -
::1 - - [14/Apr/2026 21:59:46] "GET /js/main.js HTTP/1.1" 200 -
::1 - - [14/Apr/2026 21:59:46] "GET /images/hero-bg.jpg HTTP/1.1" 200 -
::1 - - [14/Apr/2026 21:59:46] "GET /js/infrastructure/di/container.js HTTP/1.1" 200 -
::1 - - [14/Apr/2026 21:59:46] "GET /js/application/use-cases/GetCountdownUseCase.js HTTP/1.1" 200 -
::1 - - [14/Apr/2026 21:59:46] "GET /js/domain/rules/TimeCalculator.js HTTP/1.1" 200 -
::1 - - [14/Apr/2026 21:59:46] "GET /js/application/use-cases/ToggleMusicUseCase.js HTTP/1.1" 200 -
::1 - - [14/Apr/2026 21:59:46] "GET /js/infrastructure/services/BrowserAudioService.js HTTP/1.1" 200 -
::1 - - [14/Apr/2026 21:59:46] "GET /js/infrastructure/services/ThreeJsService.js HTTP/1.1" 200 -
::1 - - [14/Apr/2026 21:59:46] "GET /js/presentation/controllers/CountdownController.js HTTP/1.1" 200 -
::1 - - [14/Apr/2026 21:59:46] "GET /js/presentation/controllers/MusicController.js HTTP/1.1" 200 -
::1 - - [14/Apr/2026 21:59:46] "GET /js/presentation/controllers/LayoutController.js HTTP/1.1" 200 -
::1 - - [14/Apr/2026 21:59:46] "GET /js/presentation/controllers/GalleryController.js HTTP/1.1" 200 -
::1 - - [14/Apr/2026 21:59:46] "GET /js/presentation/controllers/InteractiveController.js HTTP/1.1" 200 -
::1 - - [14/Apr/2026 21:59:46] "GET /js/presentation/renderers/CatRenderer.js HTTP/1.1" 200 -
::1 - - [14/Apr/2026 21:59:46] "GET /js/presentation/renderers/ChibiCatsRenderer.js HTTP/1.1" 200 -
::1 - - [14/Apr/2026 21:59:46] "GET /js/presentation/renderers/three/Cake3DManager.js HTTP/1.1" 200 -
::1 - - [14/Apr/2026 21:59:46] "GET /js/presentation/renderers/three/Balloons3DManager.js HTTP/1.1" 200 -
::1 - - [14/Apr/2026 21:59:46] "GET /images/about-img.jpg HTTP/1.1" 200 -
::1 - - [14/Apr/2026 21:59:46] "GET /images/gallery-1.jpg HTTP/1.1" 200 -
::1 - - [14/Apr/2026 21:59:46] "GET /images/gallery-2.jpg HTTP/1.1" 200 -
::1 - - [14/Apr/2026 21:59:46] "GET /images/gallery-3.jpg HTTP/1.1" 200 -
::1 - - [14/Apr/2026 21:59:46] "GET /images/gallery-4.jpg HTTP/1.1" 200 -
::1 - - [14/Apr/2026 21:59:46] code 404, message File not found
::1 - - [14/Apr/2026 21:59:46] "GET /favicon.ico HTTP/1.1" 404 -
::1 - - [14/Apr/2026 22:00:59] "GET / HTTP/1.1" 200 -
::1 - - [14/Apr/2026 22:00:59] "GET /style.css?v=3 HTTP/1.1" 200 -
::1 - - [14/Apr/2026 22:00:59] "GET /js/main.js HTTP/1.1" 200 -
::1 - - [14/Apr/2026 22:00:59] "GET /images/hero-bg.jpg HTTP/1.1" 200 -
::1 - - [14/Apr/2026 22:00:59] "GET /js/infrastructure/di/container.js HTTP/1.1" 200 -
::1 - - [14/Apr/2026 22:00:59] "GET /js/domain/rules/TimeCalculator.js HTTP/1.1" 200 -
::1 - - [14/Apr/2026 22:00:59] "GET /js/application/use-cases/GetCountdownUseCase.js HTTP/1.1" 200 -
::1 - - [14/Apr/2026 22:00:59] "GET /js/application/use-cases/ToggleMusicUseCase.js HTTP/1.1" 200 -
::1 - - [14/Apr/2026 22:00:59] "GET /js/infrastructure/services/BrowserAudioService.js HTTP/1.1" 200 -
::1 - - [14/Apr/2026 22:00:59] "GET /js/infrastructure/services/ThreeJsService.js HTTP/1.1" 200 -
::1 - - [14/Apr/2026 22:00:59] "GET /js/presentation/controllers/CountdownController.js HTTP/1.1" 200 -
::1 - - [14/Apr/2026 22:00:59] "GET /js/presentation/controllers/MusicController.js HTTP/1.1" 200 -
::1 - - [14/Apr/2026 22:00:59] "GET /js/presentation/controllers/LayoutController.js HTTP/1.1" 200 -
::1 - - [14/Apr/2026 22:00:59] "GET /js/presentation/controllers/GalleryController.js HTTP/1.1" 200 -
::1 - - [14/Apr/2026 22:00:59] "GET /js/presentation/controllers/InteractiveController.js HTTP/1.1" 200 -
::1 - - [14/Apr/2026 22:00:59] "GET /js/presentation/renderers/CatRenderer.js HTTP/1.1" 200 -
::1 - - [14/Apr/2026 22:00:59] "GET /js/presentation/renderers/ChibiCatsRenderer.js HTTP/1.1" 200 -
::1 - - [14/Apr/2026 22:00:59] "GET /js/presentation/renderers/three/Cake3DManager.js HTTP/1.1" 200 -
::1 - - [14/Apr/2026 22:00:59] "GET /js/presentation/renderers/three/Balloons3DManager.js HTTP/1.1" 200 -
::1 - - [14/Apr/2026 22:00:59] "GET /images/gallery-2.jpg HTTP/1.1" 200 -
::1 - - [14/Apr/2026 22:00:59] "GET /images/gallery-1.jpg HTTP/1.1" 200 -
::1 - - [14/Apr/2026 22:00:59] "GET /images/gallery-3.jpg HTTP/1.1" 200 -
::1 - - [14/Apr/2026 22:00:59] "GET /images/gallery-4.jpg HTTP/1.1" 200 -
::1 - - [14/Apr/2026 22:01:00] code 404, message File not found
::1 - - [14/Apr/2026 22:01:00] "GET /favicon.ico HTTP/1.1" 404 -
::1 - - [14/Apr/2026 22:01:04] "GET /images/about-img.jpg HTTP/1.1" 200 -
::1 - - [14/Apr/2026 22:05:06] "GET / HTTP/1.1" 200 -
::1 - - [14/Apr/2026 22:05:06] "GET /images/hero-bg.jpg HTTP/1.1" 200 -
::1 - - [14/Apr/2026 22:05:06] "GET /style.css?v=3 HTTP/1.1" 200 -
::1 - - [14/Apr/2026 22:05:06] "GET /js/main.js HTTP/1.1" 200 -
::1 - - [14/Apr/2026 22:05:06] "GET /js/infrastructure/di/container.js HTTP/1.1" 200 -
::1 - - [14/Apr/2026 22:05:06] "GET /js/domain/rules/TimeCalculator.js HTTP/1.1" 200 -
::1 - - [14/Apr/2026 22:05:06] "GET /js/infrastructure/services/ThreeJsService.js HTTP/1.1" 200 -
::1 - - [14/Apr/2026 22:05:06] "GET /js/presentation/controllers/CountdownController.js HTTP/1.1" 200 -
::1 - - [14/Apr/2026 22:05:06] "GET /js/infrastructure/services/BrowserAudioService.js HTTP/1.1" 200 -
::1 - - [14/Apr/2026 22:05:06] "GET /js/application/use-cases/GetCountdownUseCase.js HTTP/1.1" 200 -
::1 - - [14/Apr/2026 22:05:06] "GET /js/application/use-cases/ToggleMusicUseCase.js HTTP/1.1" 200 -
::1 - - [14/Apr/2026 22:05:06] "GET /js/presentation/controllers/LayoutController.js HTTP/1.1" 200 -
::1 - - [14/Apr/2026 22:05:06] "GET /js/presentation/controllers/MusicController.js HTTP/1.1" 200 -
::1 - - [14/Apr/2026 22:05:06] "GET /js/presentation/controllers/InteractiveController.js HTTP/1.1" 200 -
::1 - - [14/Apr/2026 22:05:06] "GET /js/presentation/controllers/GalleryController.js HTTP/1.1" 200 -
::1 - - [14/Apr/2026 22:05:06] "GET /js/presentation/renderers/CatRenderer.js HTTP/1.1" 200 -
::1 - - [14/Apr/2026 22:05:06] "GET /js/presentation/renderers/ChibiCatsRenderer.js HTTP/1.1" 200 -
::1 - - [14/Apr/2026 22:05:06] "GET /js/presentation/renderers/three/Cake3DManager.js HTTP/1.1" 200 -
::1 - - [14/Apr/2026 22:05:06] "GET /js/presentation/renderers/three/Balloons3DManager.js HTTP/1.1" 200 -
::1 - - [14/Apr/2026 22:05:06] "GET /images/about-img.jpg HTTP/1.1" 200 -
::1 - - [14/Apr/2026 22:05:06] "GET /images/gallery-2.jpg HTTP/1.1" 200 -
::1 - - [14/Apr/2026 22:05:06] "GET /images/gallery-4.jpg HTTP/1.1" 200 -
::1 - - [14/Apr/2026 22:05:06] "GET /images/gallery-3.jpg HTTP/1.1" 200 -
::1 - - [14/Apr/2026 22:05:06] "GET /images/gallery-1.jpg HTTP/1.1" 200 -
::1 - - [14/Apr/2026 22:05:06] code 404, message File not found
::1 - - [14/Apr/2026 22:05:06] "GET /favicon.ico HTTP/1.1" 404 -
::1 - - [14/Apr/2026 22:08:15] "GET / HTTP/1.1" 200 -
::1 - - [14/Apr/2026 22:08:15] "GET /style.css?v=3 HTTP/1.1" 200 -
::1 - - [14/Apr/2026 22:08:15] "GET /js/main.js HTTP/1.1" 200 -
::1 - - [14/Apr/2026 22:08:15] "GET /images/hero-bg.jpg HTTP/1.1" 200 -
::1 - - [14/Apr/2026 22:08:15] "GET /js/infrastructure/di/container.js HTTP/1.1" 200 -
::1 - - [14/Apr/2026 22:08:15] "GET /js/domain/rules/TimeCalculator.js HTTP/1.1" 200 -
::1 - - [14/Apr/2026 22:08:15] "GET /js/application/use-cases/GetCountdownUseCase.js HTTP/1.1" 200 -
::1 - - [14/Apr/2026 22:08:15] "GET /js/infrastructure/services/BrowserAudioService.js HTTP/1.1" 200 -
::1 - - [14/Apr/2026 22:08:15] "GET /js/application/use-cases/ToggleMusicUseCase.js HTTP/1.1" 200 -
::1 - - [14/Apr/2026 22:08:15] "GET /js/infrastructure/services/ThreeJsService.js HTTP/1.1" 200 -
::1 - - [14/Apr/2026 22:08:15] "GET /js/presentation/controllers/MusicController.js HTTP/1.1" 200 -
::1 - - [14/Apr/2026 22:08:15] "GET /js/presentation/controllers/CountdownController.js HTTP/1.1" 200 -
::1 - - [14/Apr/2026 22:08:15] "GET /js/presentation/controllers/LayoutController.js HTTP/1.1" 200 -
::1 - - [14/Apr/2026 22:08:15] "GET /js/presentation/controllers/GalleryController.js HTTP/1.1" 200 -
::1 - - [14/Apr/2026 22:08:15] "GET /js/presentation/controllers/InteractiveController.js HTTP/1.1" 200 -
::1 - - [14/Apr/2026 22:08:15] "GET /js/presentation/renderers/CatRenderer.js HTTP/1.1" 200 -
::1 - - [14/Apr/2026 22:08:15] "GET /js/presentation/renderers/ChibiCatsRenderer.js HTTP/1.1" 200 -
::1 - - [14/Apr/2026 22:08:15] "GET /js/presentation/renderers/three/Cake3DManager.js HTTP/1.1" 200 -
::1 - - [14/Apr/2026 22:08:15] "GET /js/presentation/renderers/three/Balloons3DManager.js HTTP/1.1" 200 -
::1 - - [14/Apr/2026 22:08:15] "GET /images/about-img.jpg HTTP/1.1" 200 -
::1 - - [14/Apr/2026 22:08:15] "GET /images/gallery-2.jpg HTTP/1.1" 200 -
::1 - - [14/Apr/2026 22:08:15] "GET /images/gallery-1.jpg HTTP/1.1" 200 -
::1 - - [14/Apr/2026 22:08:15] "GET /images/gallery-3.jpg HTTP/1.1" 200 -
::1 - - [14/Apr/2026 22:08:15] "GET /images/gallery-4.jpg HTTP/1.1" 200 -
::1 - - [14/Apr/2026 22:08:15] code 404, message File not found
::1 - - [14/Apr/2026 22:08:15] "GET /favicon.ico HTTP/1.1" 404 -
::1 - - [14/Apr/2026 22:09:06] "GET / HTTP/1.1" 200 -
::1 - - [14/Apr/2026 22:09:06] "GET /style.css?v=3 HTTP/1.1" 200 -
::1 - - [14/Apr/2026 22:09:06] "GET /images/hero-bg.jpg HTTP/1.1" 200 -
::1 - - [14/Apr/2026 22:09:06] "GET /js/main.js HTTP/1.1" 200 -
::1 - - [14/Apr/2026 22:09:06] "GET /js/infrastructure/di/container.js HTTP/1.1" 200 -
::1 - - [14/Apr/2026 22:09:06] "GET /js/application/use-cases/GetCountdownUseCase.js HTTP/1.1" 200 -
::1 - - [14/Apr/2026 22:09:06] "GET /js/domain/rules/TimeCalculator.js HTTP/1.1" 200 -
::1 - - [14/Apr/2026 22:09:06] "GET /js/infrastructure/services/BrowserAudioService.js HTTP/1.1" 200 -
::1 - - [14/Apr/2026 22:09:06] "GET /js/infrastructure/services/ThreeJsService.js HTTP/1.1" 200 -
::1 - - [14/Apr/2026 22:09:06] "GET /js/presentation/controllers/CountdownController.js HTTP/1.1" 200 -
::1 - - [14/Apr/2026 22:09:06] "GET /js/presentation/controllers/MusicController.js HTTP/1.1" 200 -
::1 - - [14/Apr/2026 22:09:06] "GET /js/presentation/controllers/LayoutController.js HTTP/1.1" 200 -
::1 - - [14/Apr/2026 22:09:06] "GET /js/presentation/controllers/GalleryController.js HTTP/1.1" 200 -
::1 - - [14/Apr/2026 22:09:06] "GET /js/application/use-cases/ToggleMusicUseCase.js HTTP/1.1" 200 -
::1 - - [14/Apr/2026 22:09:06] "GET /js/presentation/controllers/InteractiveController.js HTTP/1.1" 200 -
::1 - - [14/Apr/2026 22:09:06] "GET /js/presentation/renderers/CatRenderer.js HTTP/1.1" 200 -
::1 - - [14/Apr/2026 22:09:06] "GET /js/presentation/renderers/ChibiCatsRenderer.js HTTP/1.1" 200 -
::1 - - [14/Apr/2026 22:09:06] "GET /js/presentation/renderers/three/Cake3DManager.js HTTP/1.1" 200 -
::1 - - [14/Apr/2026 22:09:06] "GET /js/presentation/renderers/three/Balloons3DManager.js HTTP/1.1" 200 -
::1 - - [14/Apr/2026 22:09:06] "GET /images/about-img.jpg HTTP/1.1" 200 -
::1 - - [14/Apr/2026 22:09:06] "GET /images/gallery-2.jpg HTTP/1.1" 200 -
::1 - - [14/Apr/2026 22:09:06] "GET /images/fav-meo.jpg HTTP/1.1" 200 -
::1 - - [14/Apr/2026 22:09:06] "GET /images/gallery-3.jpg HTTP/1.1" 200 -
::1 - - [14/Apr/2026 22:09:06] "GET /images/gallery-4.jpg HTTP/1.1" 200 -
::1 - - [14/Apr/2026 22:09:06] "GET /images/gallery-1.jpg HTTP/1.1" 200 -
::1 - - [14/Apr/2026 22:09:06] "GET /images/fav-atsayhi.jpg HTTP/1.1" 200 -
::1 - - [14/Apr/2026 22:09:06] "GET /images/fav-chef.jpg HTTP/1.1" 200 -
::1 - - [14/Apr/2026 22:09:06] "GET /images/fav-gamer.jpg HTTP/1.1" 200 -
::1 - - [14/Apr/2026 22:09:06] "GET /images/fav-grab.jpg HTTP/1.1" 200 -
::1 - - [14/Apr/2026 22:09:07] code 404, message File not found
::1 - - [14/Apr/2026 22:09:07] "GET /favicon.ico HTTP/1.1" 404 -
::1 - - [14/Apr/2026 22:11:15] "GET / HTTP/1.1" 200 -
::1 - - [14/Apr/2026 22:11:15] "GET /style.css?v=3 HTTP/1.1" 200 -
::1 - - [14/Apr/2026 22:11:15] "GET /js/main.js HTTP/1.1" 200 -
::1 - - [14/Apr/2026 22:11:15] "GET /images/hero-bg.jpg HTTP/1.1" 200 -
::1 - - [14/Apr/2026 22:11:15] "GET /js/infrastructure/di/container.js HTTP/1.1" 200 -
::1 - - [14/Apr/2026 22:11:15] "GET /js/application/use-cases/GetCountdownUseCase.js HTTP/1.1" 200 -
::1 - - [14/Apr/2026 22:11:15] "GET /js/domain/rules/TimeCalculator.js HTTP/1.1" 200 -
::1 - - [14/Apr/2026 22:11:15] "GET /js/infrastructure/services/BrowserAudioService.js HTTP/1.1" 200 -
::1 - - [14/Apr/2026 22:11:15] "GET /js/presentation/controllers/InteractiveController.js HTTP/1.1" 200 -
::1 - - [14/Apr/2026 22:11:15] "GET /js/application/use-cases/ToggleMusicUseCase.js HTTP/1.1" 200 -
::1 - - [14/Apr/2026 22:11:15] "GET /js/infrastructure/services/ThreeJsService.js HTTP/1.1" 200 -
::1 - - [14/Apr/2026 22:11:15] "GET /js/presentation/controllers/CountdownController.js HTTP/1.1" 200 -
::1 - - [14/Apr/2026 22:11:15] "GET /js/presentation/controllers/MusicController.js HTTP/1.1" 200 -
::1 - - [14/Apr/2026 22:11:15] "GET /js/presentation/controllers/LayoutController.js HTTP/1.1" 200 -
::1 - - [14/Apr/2026 22:11:15] "GET /js/presentation/controllers/GalleryController.js HTTP/1.1" 200 -
::1 - - [14/Apr/2026 22:11:15] "GET /js/presentation/renderers/CatRenderer.js HTTP/1.1" 200 -
::1 - - [14/Apr/2026 22:11:15] "GET /js/presentation/renderers/ChibiCatsRenderer.js HTTP/1.1" 200 -
::1 - - [14/Apr/2026 22:11:15] "GET /js/presentation/renderers/three/Balloons3DManager.js HTTP/1.1" 200 -
::1 - - [14/Apr/2026 22:11:15] "GET /js/presentation/renderers/three/Cake3DManager.js HTTP/1.1" 200 -
::1 - - [14/Apr/2026 22:11:15] "GET /images/about-img.jpg HTTP/1.1" 200 -
::1 - - [14/Apr/2026 22:11:15] "GET /images/fav-grab.jpg HTTP/1.1" 200 -
::1 - - [14/Apr/2026 22:11:15] "GET /images/fav-atsayhi.jpg HTTP/1.1" 200 -
::1 - - [14/Apr/2026 22:11:15] "GET /images/fav-chef.jpg HTTP/1.1" 200 -
::1 - - [14/Apr/2026 22:11:15] "GET /images/fav-meo.jpg HTTP/1.1" 200 -
::1 - - [14/Apr/2026 22:11:15] "GET /images/fav-gamer.jpg HTTP/1.1" 200 -
::1 - - [14/Apr/2026 22:11:15] "GET /images/gallery-1.jpg HTTP/1.1" 200 -
::1 - - [14/Apr/2026 22:11:15] "GET /images/gallery-2.jpg HTTP/1.1" 200 -
::1 - - [14/Apr/2026 22:11:15] "GET /images/gallery-3.jpg HTTP/1.1" 200 -
::1 - - [14/Apr/2026 22:11:15] "GET /images/gallery-4.jpg HTTP/1.1" 200 -
::1 - - [14/Apr/2026 22:11:15] code 404, message File not found
::1 - - [14/Apr/2026 22:11:15] "GET /favicon.ico HTTP/1.1" 404 -
::1 - - [14/Apr/2026 22:12:08] "GET / HTTP/1.1" 200 -
::1 - - [14/Apr/2026 22:12:09] "GET /style.css?v=3 HTTP/1.1" 200 -
::1 - - [14/Apr/2026 22:12:09] "GET /images/hero-bg.jpg HTTP/1.1" 200 -
::1 - - [14/Apr/2026 22:12:09] "GET /js/main.js HTTP/1.1" 200 -
::1 - - [14/Apr/2026 22:12:09] "GET /js/infrastructure/di/container.js HTTP/1.1" 200 -
::1 - - [14/Apr/2026 22:12:09] "GET /js/application/use-cases/GetCountdownUseCase.js HTTP/1.1" 200 -
::1 - - [14/Apr/2026 22:12:09] "GET /js/application/use-cases/ToggleMusicUseCase.js HTTP/1.1" 200 -
::1 - - [14/Apr/2026 22:12:09] "GET /js/domain/rules/TimeCalculator.js HTTP/1.1" 200 -
::1 - - [14/Apr/2026 22:12:09] "GET /js/infrastructure/services/BrowserAudioService.js HTTP/1.1" 200 -
::1 - - [14/Apr/2026 22:12:09] "GET /js/infrastructure/services/ThreeJsService.js HTTP/1.1" 200 -
::1 - - [14/Apr/2026 22:12:09] "GET /js/presentation/controllers/CountdownController.js HTTP/1.1" 200 -
::1 - - [14/Apr/2026 22:12:09] "GET /js/presentation/controllers/MusicController.js HTTP/1.1" 200 -
::1 - - [14/Apr/2026 22:12:09] "GET /js/presentation/controllers/LayoutController.js HTTP/1.1" 200 -
::1 - - [14/Apr/2026 22:12:09] "GET /js/presentation/controllers/GalleryController.js HTTP/1.1" 200 -
::1 - - [14/Apr/2026 22:12:09] "GET /js/presentation/controllers/InteractiveController.js HTTP/1.1" 200 -
::1 - - [14/Apr/2026 22:12:09] "GET /js/presentation/renderers/ChibiCatsRenderer.js HTTP/1.1" 200 -
::1 - - [14/Apr/2026 22:12:09] "GET /js/presentation/renderers/CatRenderer.js HTTP/1.1" 200 -
::1 - - [14/Apr/2026 22:12:09] "GET /js/presentation/renderers/three/Cake3DManager.js HTTP/1.1" 200 -
::1 - - [14/Apr/2026 22:12:09] "GET /js/presentation/renderers/three/Balloons3DManager.js HTTP/1.1" 200 -
::1 - - [14/Apr/2026 22:12:09] "GET /images/fav-grab.jpg HTTP/1.1" 200 -
::1 - - [14/Apr/2026 22:12:09] "GET /images/fav-gamer.jpg HTTP/1.1" 200 -
::1 - - [14/Apr/2026 22:12:09] "GET /images/about-img.jpg HTTP/1.1" 200 -
::1 - - [14/Apr/2026 22:12:09] "GET /images/fav-atsayhi.jpg HTTP/1.1" 200 -
::1 - - [14/Apr/2026 22:12:09] "GET /images/fav-meo.jpg HTTP/1.1" 200 -
::1 - - [14/Apr/2026 22:12:09] "GET /images/fav-chef.jpg HTTP/1.1" 200 -
::1 - - [14/Apr/2026 22:12:09] "GET /images/gallery-2.jpg HTTP/1.1" 200 -
::1 - - [14/Apr/2026 22:12:09] "GET /images/gallery-4.jpg HTTP/1.1" 200 -
::1 - - [14/Apr/2026 22:12:09] "GET /images/gallery-1.jpg HTTP/1.1" 200 -
::1 - - [14/Apr/2026 22:12:09] "GET /images/gallery-3-v2.jpg HTTP/1.1" 200 -
::1 - - [14/Apr/2026 22:12:09] code 404, message File not found
::1 - - [14/Apr/2026 22:12:09] "GET /favicon.ico HTTP/1.1" 404 -
::1 - - [14/Apr/2026 22:17:23] "GET / HTTP/1.1" 200 -
::1 - - [14/Apr/2026 22:17:24] "GET /style.css?v=3 HTTP/1.1" 304 -
::1 - - [14/Apr/2026 22:17:24] "GET /images/fav-meo.jpg HTTP/1.1" 304 -
::1 - - [14/Apr/2026 22:17:24] "GET /images/fav-grab.jpg HTTP/1.1" 304 -
::1 - - [14/Apr/2026 22:17:24] "GET /images/fav-atsayhi.jpg HTTP/1.1" 304 -
::1 - - [14/Apr/2026 22:17:24] "GET /images/fav-chef.jpg HTTP/1.1" 304 -
::1 - - [14/Apr/2026 22:17:24] "GET /images/fav-gamer.jpg HTTP/1.1" 304 -
::1 - - [14/Apr/2026 22:17:24] "GET /images/gallery-1.jpg HTTP/1.1" 304 -
::1 - - [14/Apr/2026 22:17:24] "GET /images/gallery-2.jpg HTTP/1.1" 304 -
::1 - - [14/Apr/2026 22:17:24] "GET /images/gallery-3-v2.jpg HTTP/1.1" 304 -
::1 - - [14/Apr/2026 22:17:24] "GET /images/gallery-4.jpg HTTP/1.1" 304 -
::1 - - [14/Apr/2026 22:18:21] "GET / HTTP/1.1" 304 -
::1 - - [14/Apr/2026 22:18:21] "GET /images/fav-grab.jpg HTTP/1.1" 304 -
::1 - - [14/Apr/2026 22:18:21] "GET /images/fav-meo.jpg HTTP/1.1" 304 -
::1 - - [14/Apr/2026 22:18:21] "GET /images/fav-chef.jpg HTTP/1.1" 304 -
::1 - - [14/Apr/2026 22:18:21] "GET /images/fav-atsayhi.jpg HTTP/1.1" 304 -
::1 - - [14/Apr/2026 22:18:21] "GET /images/fav-gamer.jpg HTTP/1.1" 304 -
::1 - - [14/Apr/2026 22:18:21] "GET /images/gallery-3-v2.jpg HTTP/1.1" 304 -
::1 - - [14/Apr/2026 22:20:23] "GET / HTTP/1.1" 200 -
::1 - - [14/Apr/2026 22:20:23] "GET /style.css?v=3 HTTP/1.1" 200 -
::1 - - [14/Apr/2026 22:20:23] "GET /images/hero-bg.jpg HTTP/1.1" 200 -
::1 - - [14/Apr/2026 22:20:23] "GET /js/main.js HTTP/1.1" 200 -
::1 - - [14/Apr/2026 22:20:23] "GET /js/infrastructure/di/container.js HTTP/1.1" 200 -
::1 - - [14/Apr/2026 22:20:23] "GET /js/application/use-cases/GetCountdownUseCase.js HTTP/1.1" 200 -
::1 - - [14/Apr/2026 22:20:23] "GET /js/domain/rules/TimeCalculator.js HTTP/1.1" 200 -
::1 - - [14/Apr/2026 22:20:23] "GET /js/infrastructure/services/ThreeJsService.js HTTP/1.1" 200 -
::1 - - [14/Apr/2026 22:20:23] "GET /js/application/use-cases/ToggleMusicUseCase.js HTTP/1.1" 200 -
::1 - - [14/Apr/2026 22:20:23] "GET /js/infrastructure/services/BrowserAudioService.js HTTP/1.1" 200 -
::1 - - [14/Apr/2026 22:20:23] "GET /js/presentation/controllers/LayoutController.js HTTP/1.1" 200 -
::1 - - [14/Apr/2026 22:20:23] "GET /js/presentation/controllers/CountdownController.js HTTP/1.1" 200 -
::1 - - [14/Apr/2026 22:20:23] "GET /js/presentation/controllers/MusicController.js HTTP/1.1" 200 -
::1 - - [14/Apr/2026 22:20:23] "GET /js/presentation/controllers/GalleryController.js HTTP/1.1" 200 -
::1 - - [14/Apr/2026 22:20:23] "GET /js/presentation/controllers/InteractiveController.js HTTP/1.1" 200 -
::1 - - [14/Apr/2026 22:20:23] "GET /js/presentation/controllers/TimelineController.js HTTP/1.1" 200 -
::1 - - [14/Apr/2026 22:20:23] "GET /js/presentation/renderers/CatRenderer.js HTTP/1.1" 200 -
::1 - - [14/Apr/2026 22:20:23] "GET /js/presentation/renderers/ChibiCatsRenderer.js HTTP/1.1" 200 -
::1 - - [14/Apr/2026 22:20:23] "GET /js/presentation/renderers/three/Cake3DManager.js HTTP/1.1" 200 -
::1 - - [14/Apr/2026 22:20:23] "GET /js/presentation/renderers/three/Balloons3DManager.js HTTP/1.1" 200 -
::1 - - [14/Apr/2026 22:20:23] "GET /images/gallery-3-v2.jpg HTTP/1.1" 200 -
::1 - - [14/Apr/2026 22:20:23] "GET /images/gallery-1.jpg HTTP/1.1" 200 -
::1 - - [14/Apr/2026 22:20:23] "GET /images/gallery-2.jpg HTTP/1.1" 200 -
::1 - - [14/Apr/2026 22:20:23] "GET /images/gallery-4.jpg HTTP/1.1" 200 -
::1 - - [14/Apr/2026 22:20:23] code 404, message File not found
::1 - - [14/Apr/2026 22:20:23] "GET /favicon.ico HTTP/1.1" 404 -
::1 - - [14/Apr/2026 22:21:24] "GET /images/fav-grab.jpg HTTP/1.1" 200 -
::1 - - [14/Apr/2026 22:21:24] "GET /images/fav-meo.jpg HTTP/1.1" 200 -
::1 - - [14/Apr/2026 22:21:24] "GET /images/fav-gamer.jpg HTTP/1.1" 200 -
::1 - - [14/Apr/2026 22:21:24] "GET /images/fav-chef.jpg HTTP/1.1" 200 -
::1 - - [14/Apr/2026 22:21:24] "GET /images/fav-atsayhi.jpg HTTP/1.1" 200 -
::1 - - [14/Apr/2026 22:21:46] "GET /images/about-img.jpg HTTP/1.1" 200 -
::1 - - [14/Apr/2026 22:21:56] "GET / HTTP/1.1" 200 -
::1 - - [14/Apr/2026 22:21:56] "GET /style.css?v=3 HTTP/1.1" 200 -
::1 - - [14/Apr/2026 22:21:56] "GET /images/hero-bg.jpg HTTP/1.1" 200 -
::1 - - [14/Apr/2026 22:21:56] "GET /js/main.js HTTP/1.1" 200 -
::1 - - [14/Apr/2026 22:21:56] "GET /js/infrastructure/di/container.js HTTP/1.1" 200 -
::1 - - [14/Apr/2026 22:21:56] "GET /js/application/use-cases/GetCountdownUseCase.js HTTP/1.1" 200 -
::1 - - [14/Apr/2026 22:21:56] "GET /js/domain/rules/TimeCalculator.js HTTP/1.1" 200 -
::1 - - [14/Apr/2026 22:21:56] "GET /js/application/use-cases/ToggleMusicUseCase.js HTTP/1.1" 200 -
::1 - - [14/Apr/2026 22:21:56] "GET /js/infrastructure/services/BrowserAudioService.js HTTP/1.1" 200 -
::1 - - [14/Apr/2026 22:21:56] "GET /js/infrastructure/services/ThreeJsService.js HTTP/1.1" 200 -
::1 - - [14/Apr/2026 22:21:56] "GET /js/presentation/controllers/CountdownController.js HTTP/1.1" 200 -
::1 - - [14/Apr/2026 22:21:56] "GET /js/presentation/controllers/MusicController.js HTTP/1.1" 200 -
::1 - - [14/Apr/2026 22:21:56] "GET /js/presentation/controllers/LayoutController.js HTTP/1.1" 200 -
::1 - - [14/Apr/2026 22:21:56] "GET /js/presentation/controllers/InteractiveController.js HTTP/1.1" 200 -
::1 - - [14/Apr/2026 22:21:56] "GET /js/presentation/controllers/GalleryController.js HTTP/1.1" 200 -
::1 - - [14/Apr/2026 22:21:56] "GET /js/presentation/renderers/CatRenderer.js HTTP/1.1" 200 -
::1 - - [14/Apr/2026 22:21:56] "GET /js/presentation/controllers/TimelineController.js HTTP/1.1" 200 -
::1 - - [14/Apr/2026 22:21:56] "GET /js/presentation/renderers/ChibiCatsRenderer.js HTTP/1.1" 200 -
::1 - - [14/Apr/2026 22:21:56] "GET /js/presentation/renderers/three/Balloons3DManager.js HTTP/1.1" 200 -
::1 - - [14/Apr/2026 22:21:56] "GET /js/presentation/renderers/three/Cake3DManager.js HTTP/1.1" 200 -
::1 - - [14/Apr/2026 22:21:56] "GET /images/about-img.jpg HTTP/1.1" 200 -
::1 - - [14/Apr/2026 22:21:56] "GET /images/fav-meo.jpg HTTP/1.1" 200 -
::1 - - [14/Apr/2026 22:21:56] "GET /images/fav-grab.jpg HTTP/1.1" 200 -
::1 - - [14/Apr/2026 22:21:56] "GET /images/fav-atsayhi.jpg HTTP/1.1" 200 -
::1 - - [14/Apr/2026 22:21:56] "GET /images/fav-chef.jpg HTTP/1.1" 200 -
::1 - - [14/Apr/2026 22:21:56] "GET /images/fav-gamer.jpg HTTP/1.1" 200 -
::1 - - [14/Apr/2026 22:21:56] code 404, message File not found
::1 - - [14/Apr/2026 22:21:56] "GET /favicon.ico HTTP/1.1" 404 -
::1 - - [14/Apr/2026 22:21:58] "GET /images/gallery-2.jpg HTTP/1.1" 200 -
::1 - - [14/Apr/2026 22:21:58] "GET /images/gallery-1.jpg HTTP/1.1" 200 -
::1 - - [14/Apr/2026 22:21:58] "GET /images/gallery-4.jpg HTTP/1.1" 200 -
::1 - - [14/Apr/2026 22:21:58] "GET /images/gallery-3-v2.jpg HTTP/1.1" 200 -
::1 - - [14/Apr/2026 22:24:34] "GET / HTTP/1.1" 200 -
::1 - - [14/Apr/2026 22:24:34] "GET /style.css?v=3 HTTP/1.1" 200 -
::1 - - [14/Apr/2026 22:24:34] "GET /images/hero-bg.jpg HTTP/1.1" 200 -
::1 - - [14/Apr/2026 22:24:34] "GET /js/main.js HTTP/1.1" 200 -
::1 - - [14/Apr/2026 22:24:34] "GET /js/infrastructure/di/container.js HTTP/1.1" 200 -
::1 - - [14/Apr/2026 22:24:34] "GET /js/domain/rules/TimeCalculator.js HTTP/1.1" 200 -
::1 - - [14/Apr/2026 22:24:34] "GET /js/application/use-cases/GetCountdownUseCase.js HTTP/1.1" 200 -
::1 - - [14/Apr/2026 22:24:34] "GET /js/application/use-cases/ToggleMusicUseCase.js HTTP/1.1" 200 -
::1 - - [14/Apr/2026 22:24:34] "GET /js/infrastructure/services/BrowserAudioService.js HTTP/1.1" 200 -
::1 - - [14/Apr/2026 22:24:34] "GET /js/infrastructure/services/ThreeJsService.js HTTP/1.1" 200 -
::1 - - [14/Apr/2026 22:24:34] "GET /js/presentation/controllers/CountdownController.js HTTP/1.1" 200 -
::1 - - [14/Apr/2026 22:24:34] "GET /js/presentation/controllers/MusicController.js HTTP/1.1" 200 -
::1 - - [14/Apr/2026 22:24:34] "GET /js/presentation/controllers/LayoutController.js HTTP/1.1" 200 -
::1 - - [14/Apr/2026 22:24:34] "GET /js/presentation/controllers/GalleryController.js HTTP/1.1" 200 -
::1 - - [14/Apr/2026 22:24:34] "GET /js/presentation/controllers/TimelineController.js HTTP/1.1" 200 -
::1 - - [14/Apr/2026 22:24:34] "GET /js/presentation/controllers/InteractiveController.js HTTP/1.1" 200 -
::1 - - [14/Apr/2026 22:24:34] "GET /js/presentation/renderers/CatRenderer.js HTTP/1.1" 200 -
::1 - - [14/Apr/2026 22:24:34] "GET /js/presentation/renderers/ChibiCatsRenderer.js HTTP/1.1" 200 -
::1 - - [14/Apr/2026 22:24:34] "GET /js/presentation/renderers/three/Cake3DManager.js HTTP/1.1" 200 -
::1 - - [14/Apr/2026 22:24:34] "GET /js/presentation/renderers/three/Balloons3DManager.js HTTP/1.1" 200 -
::1 - - [14/Apr/2026 22:24:34] code 404, message File not found
::1 - - [14/Apr/2026 22:24:34] "GET /favicon.ico HTTP/1.1" 404 -
::1 - - [14/Apr/2026 22:24:38] "GET /images/gallery-3-v2.jpg HTTP/1.1" 200 -
::1 - - [14/Apr/2026 22:24:38] "GET /images/gallery-1.jpg HTTP/1.1" 200 -
::1 - - [14/Apr/2026 22:24:38] "GET /images/gallery-4.jpg HTTP/1.1" 200 -
::1 - - [14/Apr/2026 22:24:38] "GET /images/gallery-2.jpg HTTP/1.1" 200 -
::1 - - [14/Apr/2026 22:25:22] "GET /images/fav-meo.jpg HTTP/1.1" 200 -
::1 - - [14/Apr/2026 22:25:22] "GET /images/fav-atsayhi.jpg HTTP/1.1" 200 -
::1 - - [14/Apr/2026 22:25:22] "GET /images/fav-gamer.jpg HTTP/1.1" 200 -
::1 - - [14/Apr/2026 22:25:22] "GET /images/fav-chef.jpg HTTP/1.1" 200 -
::1 - - [14/Apr/2026 22:25:22] "GET /images/fav-grab.jpg HTTP/1.1" 200 -
::1 - - [14/Apr/2026 22:25:23] "GET /images/about-img.jpg HTTP/1.1" 200 -
::1 - - [14/Apr/2026 22:26:02] "GET / HTTP/1.1" 200 -
::1 - - [14/Apr/2026 22:26:02] "GET /style.css?v=3 HTTP/1.1" 200 -
::1 - - [14/Apr/2026 22:26:02] "GET /images/hero-bg.jpg HTTP/1.1" 200 -
::1 - - [14/Apr/2026 22:26:02] "GET /js/main.js HTTP/1.1" 200 -
::1 - - [14/Apr/2026 22:26:02] "GET /js/infrastructure/di/container.js HTTP/1.1" 200 -
::1 - - [14/Apr/2026 22:26:02] "GET /js/domain/rules/TimeCalculator.js HTTP/1.1" 200 -
::1 - - [14/Apr/2026 22:26:02] "GET /js/application/use-cases/GetCountdownUseCase.js HTTP/1.1" 200 -
::1 - - [14/Apr/2026 22:26:02] "GET /js/infrastructure/services/BrowserAudioService.js HTTP/1.1" 200 -
::1 - - [14/Apr/2026 22:26:02] "GET /js/infrastructure/services/ThreeJsService.js HTTP/1.1" 200 -
::1 - - [14/Apr/2026 22:26:02] "GET /js/presentation/controllers/CountdownController.js HTTP/1.1" 200 -
::1 - - [14/Apr/2026 22:26:02] "GET /js/presentation/controllers/GalleryController.js HTTP/1.1" 200 -
::1 - - [14/Apr/2026 22:26:02] "GET /js/application/use-cases/ToggleMusicUseCase.js HTTP/1.1" 200 -
::1 - - [14/Apr/2026 22:26:02] "GET /js/presentation/controllers/MusicController.js HTTP/1.1" 200 -
::1 - - [14/Apr/2026 22:26:02] "GET /js/presentation/controllers/LayoutController.js HTTP/1.1" 200 -
::1 - - [14/Apr/2026 22:26:02] "GET /js/presentation/controllers/InteractiveController.js HTTP/1.1" 200 -
::1 - - [14/Apr/2026 22:26:02] "GET /js/presentation/controllers/TimelineController.js HTTP/1.1" 200 -
::1 - - [14/Apr/2026 22:26:02] "GET /js/presentation/renderers/CatRenderer.js HTTP/1.1" 200 -
::1 - - [14/Apr/2026 22:26:02] "GET /js/presentation/renderers/ChibiCatsRenderer.js HTTP/1.1" 200 -
::1 - - [14/Apr/2026 22:26:02] "GET /js/presentation/renderers/three/Cake3DManager.js HTTP/1.1" 200 -
::1 - - [14/Apr/2026 22:26:02] "GET /js/presentation/renderers/three/Balloons3DManager.js HTTP/1.1" 200 -
::1 - - [14/Apr/2026 22:26:03] code 404, message File not found
::1 - - [14/Apr/2026 22:26:03] "GET /favicon.ico HTTP/1.1" 404 -
::1 - - [14/Apr/2026 22:26:05] "GET /images/gallery-3-v2.jpg HTTP/1.1" 200 -
::1 - - [14/Apr/2026 22:26:05] "GET /images/gallery-1.jpg HTTP/1.1" 200 -
::1 - - [14/Apr/2026 22:26:05] "GET /images/gallery-4.jpg HTTP/1.1" 200 -
::1 - - [14/Apr/2026 22:26:05] "GET /images/gallery-2.jpg HTTP/1.1" 200 -
::1 - - [14/Apr/2026 22:26:05] "GET /images/fav-meo.jpg HTTP/1.1" 200 -
::1 - - [14/Apr/2026 22:26:05] "GET /images/fav-atsayhi.jpg HTTP/1.1" 200 -
::1 - - [14/Apr/2026 22:26:05] "GET /images/fav-grab.jpg HTTP/1.1" 200 -
::1 - - [14/Apr/2026 22:26:05] "GET /images/fav-chef.jpg HTTP/1.1" 200 -
::1 - - [14/Apr/2026 22:26:05] "GET /images/fav-gamer.jpg HTTP/1.1" 200 -
::1 - - [14/Apr/2026 22:26:06] "GET /images/about-img.jpg HTTP/1.1" 200 -
::1 - - [14/Apr/2026 22:34:28] "GET / HTTP/1.1" 200 -
::1 - - [14/Apr/2026 22:34:28] "GET /style.css?v=3 HTTP/1.1" 200 -
::1 - - [14/Apr/2026 22:34:28] "GET /images/hero-bg.jpg HTTP/1.1" 200 -
::1 - - [14/Apr/2026 22:34:28] "GET /js/main.js HTTP/1.1" 200 -
::1 - - [14/Apr/2026 22:34:28] "GET /js/infrastructure/di/container.js HTTP/1.1" 200 -
::1 - - [14/Apr/2026 22:34:28] "GET /js/domain/rules/TimeCalculator.js HTTP/1.1" 200 -
::1 - - [14/Apr/2026 22:34:28] "GET /js/application/use-cases/GetCountdownUseCase.js HTTP/1.1" 200 -
::1 - - [14/Apr/2026 22:34:28] "GET /js/application/use-cases/ToggleMusicUseCase.js HTTP/1.1" 200 -
::1 - - [14/Apr/2026 22:34:28] "GET /js/infrastructure/services/BrowserAudioService.js HTTP/1.1" 200 -
::1 - - [14/Apr/2026 22:34:28] "GET /js/presentation/controllers/CountdownController.js HTTP/1.1" 200 -
::1 - - [14/Apr/2026 22:34:28] "GET /js/infrastructure/services/ThreeJsService.js HTTP/1.1" 200 -
::1 - - [14/Apr/2026 22:34:28] "GET /js/presentation/controllers/GalleryController.js HTTP/1.1" 200 -
::1 - - [14/Apr/2026 22:34:28] "GET /js/presentation/controllers/InteractiveController.js HTTP/1.1" 200 -
::1 - - [14/Apr/2026 22:34:28] "GET /js/presentation/controllers/MusicController.js HTTP/1.1" 200 -
::1 - - [14/Apr/2026 22:34:28] "GET /js/presentation/controllers/TimelineController.js HTTP/1.1" 200 -
::1 - - [14/Apr/2026 22:34:28] "GET /js/presentation/controllers/LayoutController.js HTTP/1.1" 200 -
::1 - - [14/Apr/2026 22:34:28] "GET /js/presentation/renderers/ChibiCatsRenderer.js HTTP/1.1" 200 -
::1 - - [14/Apr/2026 22:34:28] "GET /js/presentation/renderers/CatRenderer.js HTTP/1.1" 200 -
::1 - - [14/Apr/2026 22:34:28] "GET /js/presentation/renderers/three/Balloons3DManager.js HTTP/1.1" 200 -
::1 - - [14/Apr/2026 22:34:28] "GET /js/presentation/renderers/three/Cake3DManager.js HTTP/1.1" 200 -
::1 - - [14/Apr/2026 22:34:28] "GET /images/gallery-2.jpg HTTP/1.1" 200 -
::1 - - [14/Apr/2026 22:34:28] "GET /images/gallery-1.jpg HTTP/1.1" 200 -
::1 - - [14/Apr/2026 22:34:28] "GET /images/gallery-3-v2.jpg HTTP/1.1" 200 -
::1 - - [14/Apr/2026 22:34:28] "GET /images/gallery-4.jpg HTTP/1.1" 200 -
::1 - - [14/Apr/2026 22:34:28] code 404, message File not found
::1 - - [14/Apr/2026 22:34:28] "GET /favicon.ico HTTP/1.1" 404 -
::1 - - [14/Apr/2026 22:36:10] "GET / HTTP/1.1" 304 -
::1 - - [14/Apr/2026 22:36:10] "GET /style.css?v=3 HTTP/1.1" 200 -
::1 - - [14/Apr/2026 22:36:10] "GET /js/infrastructure/di/container.js HTTP/1.1" 304 -
::1 - - [14/Apr/2026 22:36:10] "GET /js/presentation/controllers/TimelineController.js HTTP/1.1" 304 -
